// Jest Snapshot v1, https://goo.gl/fbAQLP

exports[`ChatMessage Component ChatMessage component snapshot 1`] = `
<DocumentFragment>
  <article
    aria-label="user-message"
    class="flex px-3 py-2 text-black"
  >
    <div
      class="w-16 flex flex-col justify-start items-center ai-answer"
    >
      <img
        alt="User avatar"
        class="h-8 w-8 mr-4 rounded-sm"
        data-nimg="1"
        decoding="async"
        fetchpriority="high"
        height="30"
        src="/_next/image?url=%2Fuser.png&w=64&q=75"
        srcset="/_next/image?url=%2Fuser.png&w=32&q=75 1x, /_next/image?url=%2Fuser.png&w=64&q=75 2x"
        style="color: transparent;"
        width="30"
      />
    </div>
    <div
      class="w-11/12 user-question"
    >
      <div
        class="space-wrap"
      >
        What is AI?
      </div>
      <div
        class="flex flex-row justify-start w-full p-2"
      >
        <div
          class="w-20 h-full mx-2 relative"
        >
          <div
            aria-label="Click to view larger image 1"
            class="mr-2 p-1 bg-clip-border bg-slate-100 border-2 border-violet-100"
            role="button"
            tabindex="0"
            title="Uploaded image thumbnail 1"
          >
            <div
              class="bg-no-repeat bg-center bg-contain min-h-[60px] h-full w-full cursor-pointer"
              style="background-image: url(/path/to/image1.png);"
            />
          </div>
        </div>
        <div
          class="w-20 h-full mx-2 relative"
        >
          <div
            aria-label="Click to view larger image 2"
            class="mr-2 p-1 bg-clip-border bg-slate-100 border-2 border-violet-100"
            role="button"
            tabindex="0"
            title="Uploaded image thumbnail 2"
          >
            <div
              class="bg-no-repeat bg-center bg-contain min-h-[60px] h-full w-full cursor-pointer"
              style="background-image: url(path/to/image2.png);"
            />
          </div>
        </div>
      </div>
    </div>
  </article>
  <article
    aria-labelledby="ai-response"
    class="flex px-3 py-2 bg-slate-100 color-black ease-in duration-300"
  >
    <div
      class="w-16 flex flex-col justify-start items-center ai-answer"
    >
      <img
        alt="AI bot avatar"
        class="h-8 w-8 mr-4 rounded-sm false"
        data-nimg="1"
        decoding="async"
        fetchpriority="high"
        height="30"
        src="/_next/image?url=%2Fbot.png&w=64&q=75"
        srcset="/_next/image?url=%2Fbot.png&w=32&q=75 1x, /_next/image?url=%2Fbot.png&w=64&q=75 2x"
        style="color: transparent;"
        width="30"
      />
      <label
        class="text-xs"
      >
        gpt-4o
      </label>
    </div>
    <div
      class=" bot-response answer space-wrap"
    >
      AI stands for Artificial Intelligence.
    </div>
  </article>
</DocumentFragment>
`;
