// Jest Snapshot v1, https://goo.gl/fbAQLP

exports[`ChatMessage Component ChatMessage component snapshot 1`] = `
<DocumentFragment>
  <article
    aria-label="user-message"
    class="flex px-3 py-2 text-black"
  >
    <div
      class="w-16 px-2 flex flex-col justify-start items-center user"
    >
      <img
        alt="User avatar"
        class="h-8 w-8 mr-4 rounded-sm"
        data-nimg="1"
        decoding="async"
        fetchpriority="high"
        height="30"
        src="/_next/image?url=%2Fuser.png&w=64&q=75"
        srcset="/_next/image?url=%2Fuser.png&w=32&q=75 1x, /_next/image?url=%2Fuser.png&w=64&q=75 2x"
        style="color: transparent;"
        width="30"
      />
    </div>
    <div
      class="flex-1 user-question"
    >
      <div
        class="user-question whitespace-pre-wrap"
      >
        What is AI?
      </div>
      <div
        class="flex flex-row justify-start w-full p-2"
      >
        <div
          class="w-20 h-full mx-2 relative"
        >
          <div
            aria-label="Click to view larger file 1"
            class="mr-2 p-1 bg-clip-border bg-slate-100 border-2 border-violet-100"
            role="button"
            tabindex="0"
            title="Thumbnail for uploaded file 1"
          >
            <div
              class="bg-no-repeat bg-center bg-contain min-h-[60px] h-full w-full cursor-pointer"
              style="background-image: url(/path/to/image1.png);"
            />
          </div>
        </div>
        <div
          class="w-20 h-full mx-2 relative"
        >
          <div
            aria-label="Click to view larger file 2"
            class="mr-2 p-1 bg-clip-border bg-slate-100 border-2 border-violet-100"
            role="button"
            tabindex="0"
            title="Thumbnail for uploaded file 2"
          >
            <div
              class="bg-no-repeat bg-center bg-contain min-h-[60px] h-full w-full cursor-pointer"
              style="background-image: url(path/to/image2.png);"
            />
          </div>
        </div>
      </div>
    </div>
  </article>
  <article
    aria-labelledby="ai-response"
    class="flex px-3 py-2 bg-slate-100 text-black ease-in duration-300"
  >
    <div
      class="w-16 px-2 flex flex-col justify-start items-center ai"
    >
      <img
        alt="AI avatar"
        class="h-8 w-8 mr-4 rounded-sm false"
        data-nimg="1"
        decoding="async"
        fetchpriority="high"
        height="30"
        src="/_next/image?url=%2Fbot.png&w=64&q=75"
        srcset="/_next/image?url=%2Fbot.png&w=32&q=75 1x, /_next/image?url=%2Fbot.png&w=64&q=75 2x"
        style="color: transparent;"
        width="30"
      />
      <label
        class="text-xs"
      >
        gpt-4
      </label>
    </div>
    <div
      class="flex-1 ai-answer space-wrap"
    >
      <span>
        <p>
          AI stands for Artificial Intelligence.
        </p>
        

      </span>
      <div
        class="flex justify-between items-center text-xs"
      >
        <div
          class="flex space-x-1"
        >
          <button
            aria-label="Retry AI response"
            class="justify-center whitespace-nowrap text-sm font-medium ring-offset-white focus-visible:outline-none focus-visible:ring-2 focus-visible:ring-gray-950 focus-visible:ring-offset-2 disabled:pointer-events-none disabled:opacity-50 dark:ring-offset-gray-950 dark:focus-visible:ring-gray-300 hover:text-gray-900 dark:hover:bg-gray-800 dark:hover:text-gray-50 h-9 flex items-center p-1 text-gray-500 rounded-lg hover:bg-gray-200 transition-colors duration-200"
          >
            <svg
              class="lucide lucide-refresh-cw w-4 h-4 mr-1"
              fill="none"
              height="24"
              stroke="currentColor"
              stroke-linecap="round"
              stroke-linejoin="round"
              stroke-width="2"
              viewBox="0 0 24 24"
              width="24"
              xmlns="http://www.w3.org/2000/svg"
            >
              <path
                d="M3 12a9 9 0 0 1 9-9 9.75 9.75 0 0 1 6.74 2.74L21 8"
              />
              <path
                d="M21 3v5h-5"
              />
              <path
                d="M21 12a9 9 0 0 1-9 9 9.75 9.75 0 0 1-6.74-2.74L3 16"
              />
              <path
                d="M8 16H3v5"
              />
            </svg>
            <span
              class="text-xs"
            >
              Retry
            </span>
          </button>
          <button
            aria-label="Copy AI response"
            class="justify-center whitespace-nowrap text-sm font-medium ring-offset-white focus-visible:outline-none focus-visible:ring-2 focus-visible:ring-gray-950 focus-visible:ring-offset-2 disabled:pointer-events-none disabled:opacity-50 dark:ring-offset-gray-950 dark:focus-visible:ring-gray-300 hover:text-gray-900 dark:hover:bg-gray-800 dark:hover:text-gray-50 h-9 flex items-center p-1 text-gray-500 rounded-lg hover:bg-gray-200 transition-colors duration-200"
          >
            <svg
              class="lucide lucide-copy w-4 h-4 mr-1"
              fill="none"
              height="24"
              stroke="currentColor"
              stroke-linecap="round"
              stroke-linejoin="round"
              stroke-width="2"
              viewBox="0 0 24 24"
              width="24"
              xmlns="http://www.w3.org/2000/svg"
            >
              <rect
                height="14"
                rx="2"
                ry="2"
                width="14"
                x="8"
                y="8"
              />
              <path
                d="M4 16c-1.1 0-2-.9-2-2V4c0-1.1.9-2 2-2h10c1.1 0 2 .9 2 2"
              />
            </svg>
            <span
              class="text-xs"
            >
              Copy
            </span>
          </button>
        </div>
        <div
          class="flex items-center space-x-2"
        >
          <button
            aria-label="Change Assistant"
            class="justify-center whitespace-nowrap text-sm font-medium ring-offset-white focus-visible:outline-none focus-visible:ring-2 focus-visible:ring-gray-950 focus-visible:ring-offset-2 disabled:pointer-events-none disabled:opacity-50 dark:ring-offset-gray-950 dark:focus-visible:ring-gray-300 hover:text-gray-900 dark:hover:bg-gray-800 dark:hover:text-gray-50 h-10 flex items-center p-1 text-gray-500 rounded-lg hover:bg-gray-200 transition-colors duration-200"
          >
            <svg
              class="lucide lucide-wand-sparkles w-4 h-4 mr-1"
              fill="none"
              height="24"
              stroke="currentColor"
              stroke-linecap="round"
              stroke-linejoin="round"
              stroke-width="2"
              viewBox="0 0 24 24"
              width="24"
              xmlns="http://www.w3.org/2000/svg"
            >
              <path
                d="m21.64 3.64-1.28-1.28a1.21 1.21 0 0 0-1.72 0L2.36 18.64a1.21 1.21 0 0 0 0 1.72l1.28 1.28a1.2 1.2 0 0 0 1.72 0L21.64 5.36a1.2 1.2 0 0 0 0-1.72"
              />
              <path
                d="m14 7 3 3"
              />
              <path
                d="M5 6v4"
              />
              <path
                d="M19 14v4"
              />
              <path
                d="M10 2v2"
              />
              <path
                d="M7 8H3"
              />
              <path
                d="M21 16h-4"
              />
              <path
                d="M11 3H9"
              />
            </svg>
          </button>
          <div
            class="w-72"
          >
            <div
              class="relative"
              id="assistant"
            >
              <div
                aria-controls="options"
                aria-expanded="false"
                class="select-trigger w-full p-2 border border-gray-300 rounded-md cursor-pointer bg-gray-50 text-left text-xs py-2"
                role="combobox"
              >
                <span
                  class="text-gray-900"
                >
                  GPT-4 Assistant
                </span>
              </div>
            </div>
          </div>
        </div>
      </div>
    </div>
  </article>
</DocumentFragment>
`;
