// Jest Snapshot v1, https://goo.gl/fbAQLP

exports[`ChatMessageList matches snapshot 1`] = `
<DocumentFragment>
  <div
    class="flex-grow overflow-y-auto bg-white border-2 border-stone-200"
    style="height: calc(100vh - 200px); scroll-behavior: smooth;"
  >
    <div
      aria-atomic="true"
      aria-live="polite"
      class="w-full rounded-lg"
    >
      <div
        data-testid="chat-message"
      >
        <div
          class="user"
        >
          Hello
        </div>
        <div
          class="ai"
        >
          <div />
          <div>
            How can I assistant you?
          </div>
        </div>
      </div>
      <div
        data-testid="chat-message"
      >
        <div
          class="user"
        >
          How are you?
        </div>
        <div
          class="ai"
        >
          <div />
          <div>
            I'm doing well, thank you!
          </div>
          <div>
            <button>
              Retry
            </button>
            <button>
              Copy
            </button>
            <select>
              <option>
                Default Gemini-1.5 Pro Exp
              </option>
              <option>
                Default Gemini-1.5 Flash Exp
              </option>
              <option>
                Default Gemini-1.5 Flash-8b Exp
              </option>
              <option>
                Default Gemini-1.5 Pro
              </option>
              <option>
                Default Gemini-1.5 Flash
              </option>
              <option>
                Default Claude 3.5 Sonnet
              </option>
              <option>
                Default Claude 3 Haiku
              </option>
              <option>
                Default Claude 3 Opus
              </option>
              <option>
                Default GPT-4o-2024-08-06
              </option>
              <option>
                Default GPT-4o
              </option>
              <option>
                Default GPT-4o Mini
              </option>
              <option>
                Default GPT-4 Turbo
              </option>
              <option>
                Default GPT-4
              </option>
              <option>
                Default Llama3.2 90b
              </option>
              <option>
                Default Llama3.2 3b
              </option>
              <option>
                Default Llama3.2 1b
              </option>
              <option>
                Default Llama3.1 70b
              </option>
              <option>
                Default Llama3.1 8b
              </option>
              <option>
                Default Llama3 70b
              </option>
              <option>
                Default Llama3 8b
              </option>
              <option>
                Default Mixtral 8x7b
              </option>
              <option>
                Default Gemma 7b
              </option>
              <option>
                Default Gemma2 9b
              </option>
              <option>
                Default Llama-2-7b-chat-hf
              </option>
              <option>
                Default phi-1_5
              </option>
            </select>
          </div>
        </div>
      </div>
      <div />
    </div>
  </div>
</DocumentFragment>
`;
