// Jest Snapshot v1, https://goo.gl/fbAQLP

exports[`Footer component matches the snapshot 1`] = `
<DocumentFragment>
  <footer
    class="py-3 text-center opacity-40"
  >
    Chatbot responses are AI-generated and may be inaccurate, so always verify critical information.
  </footer>
</DocumentFragment>
`;
