// Jest Snapshot v1, https://goo.gl/fbAQLP

exports[`Header Component Header component snapshot 1`] = `
<DocumentFragment>
  <header
    class="w-full flex flx-col justify-between items-center bg-slate-400 p-2 z-50"
  >
    <div
      class="flex w-1/3 xs:w-36 sm:w-52 md:w-48 lg:w-52 xl:w-56 items-center justify-between px-6 text-white text-md focus:bg-indigo-100"
    >
      <button
        aria-label="Toggle Sidebar"
        class=" transition-colors duration-200 bg-slate-500 hover:bg-slate-700 focus:bg-stone-600"
        role="toogle"
      >
        <svg
          fill="currentColor"
          height="20"
          stroke="currentColor"
          stroke-width="0"
          viewBox="0 0 1024 1024"
          width="20"
          xmlns="http://www.w3.org/2000/svg"
        >
          <path
            d="M904 160H120c-4.4 0-8 3.6-8 8v64c0 4.4 3.6 8 8 8h784c4.4 0 8-3.6 8-8v-64c0-4.4-3.6-8-8-8zm0 624H120c-4.4 0-8 3.6-8 8v64c0 4.4 3.6 8 8 8h784c4.4 0 8-3.6 8-8v-64c0-4.4-3.6-8-8-8zm0-312H120c-4.4 0-8 3.6-8 8v64c0 4.4 3.6 8 8 8h784c4.4 0 8-3.6 8-8v-64c0-4.4-3.6-8-8-8z"
          />
        </svg>
      </button>
      <button
        aria-label="New Chat"
        class="hover:text-lg hover:bg-stone-600 hover:font-bold transition-colors duration-200"
      >
        <svg
          fill="currentColor"
          height="21"
          stroke="currentColor"
          stroke-width="0"
          viewBox="0 0 1024 1024"
          width="21"
          xmlns="http://www.w3.org/2000/svg"
        >
          <path
            d="M904 512h-56c-4.4 0-8 3.6-8 8v320H184V184h320c4.4 0 8-3.6 8-8v-56c0-4.4-3.6-8-8-8H144c-17.7 0-32 14.3-32 32v736c0 17.7 14.3 32 32 32h736c17.7 0 32-14.3 32-32V520c0-4.4-3.6-8-8-8z"
          />
          <path
            d="M355.9 534.9L354 653.8c-.1 8.9 7.1 16.2 16 16.2h.4l118-2.9c2-.1 4-.9 5.4-2.3l415.9-415c3.1-3.1 3.1-8.2 0-11.3L785.4 114.3c-1.6-1.6-3.6-2.3-5.7-2.3s-4.1.8-5.7 2.3l-415.8 415a8.3 8.3 0 0 0-2.3 5.6zm63.5 23.6L779.7 199l45.2 45.1-360.5 359.7-45.7 1.1.7-46.4z"
          />
        </svg>
      </button>
    </div>
    <div
      class="flex text-white text-md font-bold focus:bg-indigo-100"
    >
      Chat With My AI Assistant
    </div>
    <div
      class="flex space-x-6"
    >
      <button
        aria-label="Show Config"
        class="flex items-center space-x-2 rounded-full hover:bg-slate-500 transition-colors duration-200"
      >
        <svg
          class="text-white"
          fill="currentColor"
          height="20"
          stroke="currentColor"
          stroke-width="0"
          viewBox="0 0 1024 1024"
          width="20"
          xmlns="http://www.w3.org/2000/svg"
        >
          <path
            d="M942.2 486.2C847.4 286.5 704.1 186 512 186c-192.2 0-335.4 100.5-430.2 300.3a60.3 60.3 0 0 0 0 51.5C176.6 737.5 319.9 838 512 838c192.2 0 335.4-100.5 430.2-300.3 7.7-16.2 7.7-35 0-51.5zM512 766c-161.3 0-279.4-81.8-362.7-254C232.6 339.8 350.7 258 512 258c161.3 0 279.4 81.8 362.7 254C791.5 684.2 673.4 766 512 766zm-4-430c-97.2 0-176 78.8-176 176s78.8 176 176 176 176-78.8 176-176-78.8-176-176-176zm0 288c-61.9 0-112-50.1-112-112s50.1-112 112-112 112 50.1 112 112-50.1 112-112 112z"
          />
        </svg>
        <span
          class="text-white text-sm hidden sm:inline"
        >
          Show AI Assistant Config
        </span>
      </button>
    </div>
  </header>
</DocumentFragment>
`;
