// Jest Snapshot v1, https://goo.gl/fbAQLP

exports[`ImageUploadIcon should match snapshot 1`] = `
<DocumentFragment>
  <label
    class="flex items-center justify-center  text-white font-bold px-2 rounded cursor-pointer"
    tabindex="0"
  >
    <input
      accept="image/*"
      aria-label="Upload image"
      style="display: none;"
      type="file"
    />
    <svg
      aria-hidden="true"
      fill="currentColor"
      height="24"
      stroke="currentColor"
      stroke-width="0"
      style="cursor: pointer; background: rgb(123, 123, 220); border: 1px solid black;"
      viewBox="0 0 16 16"
      width="24"
      xmlns="http://www.w3.org/2000/svg"
    >
      <path
        d="M.002 3a2 2 0 0 1 2-2h12a2 2 0 0 1 2 2v10a2 2 0 0 1-2 2h-12a2 2 0 0 1-2-2zm1 9v1a1 1 0 0 0 1 1h12a1 1 0 0 0 1-1V9.5l-3.777-1.947a.5.5 0 0 0-.577.093l-3.71 3.71-2.66-1.772a.5.5 0 0 0-.63.062zm5-6.5a1.5 1.5 0 1 0-3 0 1.5 1.5 0 0 0 3 0"
      />
    </svg>
  </label>
</DocumentFragment>
`;
