// Jest Snapshot v1, https://goo.gl/fbAQLP

exports[`ImageModal should match snapshot 1`] = `
<DocumentFragment>
  <div
    aria-describedby="Extended view of the uploaded image"
    aria-labelledby="modalTitle"
    aria-modal="true"
    class="w-full fixed p-10 inset-0 bg-slate-500 bg-opacity-90 flex items-center justify-center z-50"
    role="dialog"
  >
    <img
      alt="Expanded view"
      class="p-6 max-w-full max-h-full"
      data-nimg="fill"
      decoding="async"
      loading="lazy"
      sizes="100vw"
      src="/_next/image?url=http%3A%2F%2Fexample.com%2Fimage.jpg&w=3840&q=75"
      srcset="/_next/image?url=http%3A%2F%2Fexample.com%2Fimage.jpg&w=640&q=75 640w, /_next/image?url=http%3A%2F%2Fexample.com%2Fimage.jpg&w=750&q=75 750w, /_next/image?url=http%3A%2F%2Fexample.com%2Fimage.jpg&w=828&q=75 828w, /_next/image?url=http%3A%2F%2Fexample.com%2Fimage.jpg&w=1080&q=75 1080w, /_next/image?url=http%3A%2F%2Fexample.com%2Fimage.jpg&w=1200&q=75 1200w, /_next/image?url=http%3A%2F%2Fexample.com%2Fimage.jpg&w=1920&q=75 1920w, /_next/image?url=http%3A%2F%2Fexample.com%2Fimage.jpg&w=2048&q=75 2048w, /_next/image?url=http%3A%2F%2Fexample.com%2Fimage.jpg&w=3840&q=75 3840w"
      style="position: absolute; height: 100%; width: 100%; left: 0px; top: 0px; right: 0px; bottom: 0px; object-fit: contain; color: transparent;"
    />
    <button
      aria-label="Close image view"
      class="absolute top-9 right-9 text-white text-3xl"
    >
      Ã—
    </button>
  </div>
</DocumentFragment>
`;
