// Jest Snapshot v1, https://goo.gl/fbAQLP

exports[`Layout Component should match Layout component snapshot 1`] = `
<DocumentFragment>
  <div
    class="flex flex-col w-full h-screen"
  >
    <div>
      Header Mock
    </div>
    <div
      class="flex flex-row w-full h-full"
    >
      <div
        class="flex flex-row w-full h-full"
      >
        <div
          class="bg-slate-500 text-slate-50 h-full text-md w-full xs:w-56 xl:w-64 2xl:w-72 fixed top-0 left-0 bottom-0 z-10"
        >
          <div>
            Sidebar Mock
          </div>
        </div>
        <div
          class="flex flex-col w-full ml-56 xl:ml-64 2xl:ml-72"
        >
          <main
            class="flex flex-col h-full w-full max-w-screen-2xl mx-auto px-2 sm:px-4 lg:px-8"
          >
            <div
              class="flex-grow"
            >
              <div>
                Child Content
              </div>
            </div>
            <div>
              Footer Mock
            </div>
          </main>
        </div>
      </div>
    </div>
  </div>
</DocumentFragment>
`;
