// Jest Snapshot v1, https://goo.gl/fbAQLP

exports[`TagSearch Component TagSearch component snapshot 1`] = `
<DocumentFragment>
  <div
    class="mb-6 bg-white p-4 rounded-lg shadow-md"
  >
    <label
      class="block text-sm font-medium text-gray-700 mb-2"
      for="tag-search"
    >
      Search Tags
    </label>
    <div
      class="relative"
    >
      <input
        aria-label="Search for tags"
        class="w-full px-4 py-2 border border-gray-300 rounded-md pl-10 text-sm focus:ring-2 focus:ring-blue-500 focus:border-blue-500"
        id="tag-search"
        placeholder="Type to search tags, and click a tag to select"
        type="text"
        value=""
      />
      <svg
        aria-hidden="true"
        class="lucide lucide-search absolute left-3 top-1/2 transform -translate-y-1/2 text-gray-400"
        fill="none"
        height="16"
        stroke="currentColor"
        stroke-linecap="round"
        stroke-linejoin="round"
        stroke-width="2"
        viewBox="0 0 24 24"
        width="16"
        xmlns="http://www.w3.org/2000/svg"
      >
        <circle
          cx="11"
          cy="11"
          r="8"
        />
        <path
          d="m21 21-4.3-4.3"
        />
      </svg>
    </div>
  </div>
</DocumentFragment>
`;
